// Jest Snapshot v1, https://goo.gl/fbAQLP

exports[`Info Snapshot 1`] = `
<div
  class="lead-info"
>
  <h1
    class="lead-info__title"
  >
    Dokumentenübermittlung
  </h1>
  <div
    class="lead-info__content"
  >
    <div
      class="lead-info__label"
      data-testid="info-number"
    >
      <strong>
        Aktenzeichen: 
      </strong>
      SBE22.0121-24046542
    </div>
    <div
      class="lead-info__label"
      data-testid="info-name"
    >
      <strong>
        Name: 
      </strong>
      Luca Zamai
    </div>
  </div>
  <p
    class="lead-info__description"
  >
    Klicken Sie auf die orangenen Buttons, um die jeweiligen Dateien zu übermitteln.
  </p>
</div>
`;
